// Jest Snapshot v1, https://goo.gl/fbAQLP

exports[`matches voice search component snapshot 1`] = `
<main>
  <h1>
    loading
  </h1>
</main>
`;
